// Jest Snapshot v1, https://goo.gl/fbAQLP

exports[`App component Renders on screen 1`] = `
<div>
  <h1>
    Hello Up-skilling World!
  </h1>
</div>
`;
